// Jest Snapshot v1, https://goo.gl/fbAQLP

exports[`Prueba en <GifItem /> Debe hacer match con el snapshot 1`] = `
<div>
  <div
    class="card"
  >
    <img
      alt="Soy un titulo"
      src="http://localhost:5173/"
    />
    <p>
      Soy un titulo
    </p>
  </div>
</div>
`;

exports[`Pruebas en <GifItem /> Debe hacer match con el snapshot 1`] = `
<div>
  <div
    class="card"
  >
    <img
      alt="Soy un titulo"
      src="http://localhost:5173/"
    />
    <p>
      Soy un titulo
    </p>
  </div>
</div>
`;
